src/integrations/gmailPull.ts(1,24): error TS2307: Cannot find module '@google-cloud/pubsub' or its corresponding type declarations.
